{"level":"info","time":"2026-09-15T08:57:31Z","message":"Thank you for trying Cloudflare Tunnel. Doing so, without a Cloudflare account, is a quick way to experiment and try it out. However, be aware that these account-less Tunnels have no uptime guarantee, are subject to the Cloudflare Online Services Terms of Use (https://www.cloudflare.com/website-terms/), and Cloudflare reserves the right to investigate your use of Tunnels for violations of such terms. If you intend to use Tunnels in production you should use a pre-created named tunnel by following: https://developers.cloudflare.com/cloudflare-one/connections/connect-apps"}
{"level":"info","time":"2026-09-15T08:57:31Z","message":"Requesting new quick Tunnel on trycloudflare.com..."}
{"level":"info","time":"2026-09-15T08:57:36Z","message":"+--------------------------------------------------------------------------------------------+"}
{"level":"info","time":"2026-09-15T08:57:36Z","message":"|  Your quick Tunnel has been created! Visit it at (it may take some time to be reachable):  |"}
{"level":"info","time":"2026-09-15T08:57:36Z","message":"|  https://peninsula-kitty-lace-pale.trycloudflare.com                                       |"}
{"level":"info","time":"2026-09-15T08:57:36Z","message":"+--------------------------------------------------------------------------------------------+"}
{"level":"info","time":"2026-09-15T08:57:36Z","message":"Cannot determine default configuration path. No file [config.yml config.yaml] in [~/.cloudflared ~/.cloudflare-warp ~/cloudflare-warp]"}
{"level":"info","time":"2026-09-15T08:57:36Z","message":"Version 2026.9.1 (Checksum 2837888cc0f5d58f15b6dc478376de90b4d3ba5241c7947455d1e0a0df429712)"}
{"level":"info","time":"2026-09-15T08:57:36Z","message":"GOOS: windows, GOVersion: go1.26.8, GoArch: amd64"}
{"level":"info","time":"2026-09-15T08:57:36Z","message":"Settings: map[ha-connections:1 logfile:C:\\Users\\29938\\AppData\\Roaming\\Tencent\\Marvis\\User\\oAN1i2Vr7EZEoCQGyxaZc52mMItI\\workspace\\conv_1a09d970c9c_f4c6c4e079bc\\output\\stock-radar\\tunnel.log loglevel:info no-autoupdate:true protocol:quic url:http://127.0.0.1:8848]"}
{"level":"info","time":"2026-09-15T08:57:36Z","message":"cloudflared will not automatically update on Windows systems."}
{"level":"info","time":"2026-09-15T08:57:36Z","message":"Generated Connector ID: 363dc2ad-6344-4e8d-9f87-a434446e8835"}
{"level":"info","time":"2026-09-15T08:57:36Z","message":"Initial protocol quic"}
{"level":"info","time":"2026-09-15T08:57:36Z","message":"ICMP proxy will use 192.168.10.84 as source for IPv4"}
{"level":"info","time":"2026-09-15T08:57:36Z","message":"ICMP proxy will use fe80::160c:7486:dd3e:439c in zone WLAN as source for IPv6"}
{"level":"info","time":"2026-09-15T08:57:36Z","message":"cloudflared does not support loading the system root certificate pool on Windows. Please use --origin-ca-pool <PATH> to specify the path to the certificate pool"}
{"level":"info","time":"2026-09-15T08:57:36Z","message":"ICMP proxy will use 192.168.10.84 as source for IPv4"}
{"level":"info","event":0,"ip":"198.41.192.37","connIndex":0,"time":"2026-09-15T08:57:36Z","message":"Tunnel connection curve preferences: [X25519MLKEM768 CurveID(65074) CurveP256]"}
{"level":"info","time":"2026-09-15T08:57:36Z","message":"ICMP proxy will use fe80::160c:7486:dd3e:439c in zone WLAN as source for IPv6"}
{"level":"info","time":"2026-09-15T08:57:36Z","message":"Starting metrics server on 127.0.0.1:20241/metrics"}
{"level":"info","event":0,"connection":"b964eba1-a99b-4b83-9de6-a4d94de679d5","connIndex":0,"location":"lax05","ip":"198.41.192.37","protocol":"quic","time":"2026-09-15T08:57:36Z","message":"Registered tunnel connection"}
{"level":"info","time":"2026-09-15T08:57:37Z","message":"+-------------------------------------------------------------------------------------+"}
{"level":"info","time":"2026-09-15T08:57:37Z","message":"|                               CONNECTIVITY PRE-CHECKS                               |"}
{"level":"info","time":"2026-09-15T08:57:37Z","message":"+-------------------------------------------------------------------------------------+"}
{"level":"info","time":"2026-09-15T08:57:37Z","message":"|  COMPONENT         TARGET                     STATUS  DETAILS                       |"}
{"level":"info","time":"2026-09-15T08:57:37Z","message":"|  DNS Resolution    region1.v2.argotunnel.com  PASS    DNS Resolved successfully     |"}
{"level":"info","time":"2026-09-15T08:57:37Z","message":"|  DNS Resolution    region2.v2.argotunnel.com  PASS    DNS Resolved successfully     |"}
{"level":"info","time":"2026-09-15T08:57:37Z","message":"|  UDP Connectivity  region1.v2.argotunnel.com  PASS    QUIC connection successful    |"}
{"level":"info","time":"2026-09-15T08:57:37Z","message":"|  UDP Connectivity  region2.v2.argotunnel.com  PASS    QUIC connection successful    |"}
{"level":"info","time":"2026-09-15T08:57:37Z","message":"|  TCP Connectivity  region1.v2.argotunnel.com  PASS    HTTP/2 connection successful  |"}
{"level":"info","time":"2026-09-15T08:57:37Z","message":"|  TCP Connectivity  region2.v2.argotunnel.com  PASS    HTTP/2 connection successful  |"}
{"level":"info","time":"2026-09-15T08:57:37Z","message":"|  Cloudflare API    api.cloudflare.com:443     PASS    API is reachable              |"}
{"level":"info","time":"2026-09-15T08:57:37Z","message":"|                                                                                     |"}
{"level":"info","time":"2026-09-15T08:57:37Z","message":"|  SUMMARY: Environment is healthy. cloudflared will use 'quic' as primary protocol.  |"}
{"level":"info","time":"2026-09-15T08:57:37Z","message":"+-------------------------------------------------------------------------------------+"}
{"level":"info","run_id":"69d2adf2-b654-431f-82c3-3ecb2ce7926e","component":"DNS Resolution","target":"region1.v2.argotunnel.com","status":"pass","details":"DNS Resolved successfully","time":"2026-09-15T08:57:37Z","message":"precheck"}
{"level":"info","run_id":"69d2adf2-b654-431f-82c3-3ecb2ce7926e","component":"DNS Resolution","target":"region2.v2.argotunnel.com","status":"pass","details":"DNS Resolved successfully","time":"2026-09-15T08:57:37Z","message":"precheck"}
{"level":"info","run_id":"69d2adf2-b654-431f-82c3-3ecb2ce7926e","component":"UDP Connectivity","target":"region1.v2.argotunnel.com","status":"pass","details":"QUIC connection successful","time":"2026-09-15T08:57:37Z","message":"precheck"}
{"level":"info","run_id":"69d2adf2-b654-431f-82c3-3ecb2ce7926e","component":"UDP Connectivity","target":"region2.v2.argotunnel.com","status":"pass","details":"QUIC connection successful","time":"2026-09-15T08:57:37Z","message":"precheck"}
{"level":"info","run_id":"69d2adf2-b654-431f-82c3-3ecb2ce7926e","component":"TCP Connectivity","target":"region1.v2.argotunnel.com","status":"pass","details":"HTTP/2 connection successful","time":"2026-09-15T08:57:37Z","message":"precheck"}
{"level":"info","run_id":"69d2adf2-b654-431f-82c3-3ecb2ce7926e","component":"TCP Connectivity","target":"region2.v2.argotunnel.com","status":"pass","details":"HTTP/2 connection successful","time":"2026-09-15T08:57:37Z","message":"precheck"}
{"level":"info","run_id":"69d2adf2-b654-431f-82c3-3ecb2ce7926e","component":"Cloudflare API","target":"api.cloudflare.com:443","status":"pass","details":"API is reachable","time":"2026-09-15T08:57:37Z","message":"precheck"}
{"level":"info","run_id":"69d2adf2-b654-431f-82c3-3ecb2ce7926e","hard_fail":false,"suggested_protocol":"quic","time":"2026-09-15T08:57:37Z","message":"precheck complete"}
{"level":"error","error":"lookup region1.v2.argotunnel.com: i/o timeout","time":"2026-09-15T09:22:41Z","message":"Failed to refresh DNS local resolver"}
{"level":"error","error":"lookup region1.v2.argotunnel.com: i/o timeout","time":"2026-09-15T09:37:46Z","message":"Failed to refresh DNS local resolver"}
{"level":"error","error":"lookup region1.v2.argotunnel.com: i/o timeout","time":"2026-09-15T09:42:51Z","message":"Failed to refresh DNS local resolver"}
{"level":"info","time":"2026-09-15T09:52:38Z","message":"Initiating graceful shutdown due to signal terminated ..."}
{"level":"info","event":0,"ip":"198.41.192.37","connIndex":0,"time":"2026-09-15T09:52:38Z","message":"Retrying connection in up to 1s"}
{"level":"error","connIndex":0,"time":"2026-09-15T09:52:38Z","message":"Connection terminated"}
{"level":"error","time":"2026-09-15T09:52:38Z","message":"no more connections active and exiting"}
{"level":"info","time":"2026-09-15T09:52:38Z","message":"Tunnel server stopped"}
{"level":"info","time":"2026-09-15T09:52:38Z","message":"Metrics server stopped"}
